<html>
<body>
<pre>
<h1>µVision Build Log</h1>
<h2>Project:</h2>
D:\SAC_test\SACProject_201309201946\SAC_BootLoader\RVMDK\SACMCU_BootLoader.uvproj
Project File Date:  12/29/2019

<h2>Output:</h2>
Build target 'SACMCU_BootLoader'
compiling main.c...
linking...
Program Size: Code=4476 RO-data=796 RW-data=12 ZI-data=548  
FromELF: creating hex file...
"..\Output\SACMCU_BootLoader.axf" - 0 Error(s), 0 Warning(s).
</pre>
</body>
</html>
2xx_adc.c...
compiling lpc12xx_comp.c...
compiling lpc12xx_crc.c...
compiling lpc12xx_dma.c...
compiling lpc12xx_flash.c...
compiling lpc12xx_gpio.c...
compiling lpc12xx_iocon.c...
compiling lpc12xx_libcfg_default.c...
compiling lpc12xx_pmu.c...
compiling lpc12xx_rtc.c...
compiling lpc12xx_ssp.c...
compiling lpc12xx_timer16.c...
..\Source\Library\source\lpc12xx_timer16.c(272): warning:  #550-D: variable "pCounterCfg" was set but never used
      TIM16_COUNTERTypeDef *pCounterCfg;
..\Source\Library\source\lpc12xx_timer16.c: 1 warning, 0 errors
compiling lpc12xx_timer32.c...
..\Source\Library\source\lpc12xx_timer32.c(278): warning:  #550-D: variable "pCounterCfg" was set but never used
      TIM32_COUNTERTypeDef *pCounterCfg;
..\Source\Library\source\lpc12xx_timer32.c: 1 warning, 0 errors
compiling lpc12xx_uart.c...
compiling lpc12xx_wdt.c...
linking...
Program Size: Code=4476 RO-data=796 RW-data=12 ZI-data=548  
FromELF: creating hex file...
"..\Output\SACMCU_BootLoader.axf" - 0 Error(s), 2 Warning(s).
