<html>
<body>
<pre>
<h1>µVision Build Log</h1>
<h2>Project:</h2>
D:\SAC_test\SACProject_201309201946\SAC_BootLoader_T\RVMDK\SACMCU_BootLoader.uvproj
Project File Date:  12/29/2019

<h2>Output:</h2>
Build target 'SACMCU_BootLoader'
compiling main.c...
linking...
Program Size: Code=4600 RO-data=796 RW-data=12 ZI-data=548  
FromELF: creating hex file...
"..\Output\SACMCU_BootLoader.axf" - 0 Error(s), 0 Warning(s).
Load "..\\Output\\SACMCU_BootLoader.axf" 
Full Chip Erase Done.
Programming Done.
Verify OK.
</pre>
</body>
</html>
