ARM Linker, 5.03 [Build 76] [MDK-ARM Standard]

==============================================================================

Section Cross References

    startup_lpc12xx.o(RESET) refers to startup_lpc12xx.o(STACK) for __initial_sp
    startup_lpc12xx.o(RESET) refers to startup_lpc12xx.o(.text) for Reset_Handler
    startup_lpc12xx.o(RESET) refers to main.o(.text) for UART0_IRQHandler
    startup_lpc12xx.o(.text) refers to system_lpc12xx.o(.text) for SystemInit
    startup_lpc12xx.o(.text) refers to entry.o(.ARM.Collect$$$$00000000) for __main
    system_lpc12xx.o(.text) refers to system_lpc12xx.o(i.__ARM_common_switch8) for __ARM_common_switch8
    system_lpc12xx.o(.text) refers to uidiv.o(.text) for __aeabi_uidivmod
    system_lpc12xx.o(.text) refers to system_lpc12xx.o(.data) for SystemCoreClock
    main.o(.text) refers to lpc12xx_uart.o(.text) for UART_GetINTStatus
    main.o(.text) refers to lpc12xx_iocon.o(.text) for IOCON_StructInit
    main.o(.text) refers to lpc12xx_sysctrl.o(.text) for SYS_ResetPeripheral
    main.o(.text) refers to strlen.o(.text) for strlen
    main.o(.text) refers to printf1.o(i.__0sprintf$1) for __2sprintf
    main.o(.text) refers to main.o(.data) for GulNum
    main.o(.text) refers to main.o(.bss) for GucRcvBuf
    debug_frmwrk.o(.text) refers to lpc12xx_uart.o(.text) for UART_Send
    debug_frmwrk.o(.text) refers to lpc12xx_iocon.o(.text) for IOCON_StructInit
    debug_frmwrk.o(.text) refers to lpc12xx_sysctrl.o(.text) for SYS_ResetPeripheral
    debug_frmwrk.o(.text) refers to uidiv.o(.text) for __aeabi_uidivmod
    lpc12xx_adc.o(.text) refers to main.o(.text) for check_failed
    lpc12xx_adc.o(.text) refers to uidiv.o(.text) for __aeabi_uidivmod
    lpc12xx_adc.o(.text) refers to system_lpc12xx.o(.data) for SystemCoreClock
    lpc12xx_gpio.o(.text) refers to main.o(.text) for check_failed
    lpc12xx_gpio.o(.text) refers to system_lpc12xx.o(i.__ARM_common_switch8) for __ARM_common_switch8
    lpc12xx_iocon.o(.text) refers to main.o(.text) for check_failed
    lpc12xx_timer16.o(.text) refers to llmul.o(.text) for __aeabi_lmul
    lpc12xx_timer16.o(.text) refers to uldiv.o(.text) for __aeabi_uldivmod
    lpc12xx_timer16.o(.text) refers to main.o(.text) for check_failed
    lpc12xx_timer16.o(.text) refers to system_lpc12xx.o(.data) for SystemCoreClock
    lpc12xx_timer32.o(.text) refers to llmul.o(.text) for __aeabi_lmul
    lpc12xx_timer32.o(.text) refers to uldiv.o(.text) for __aeabi_uldivmod
    lpc12xx_timer32.o(.text) refers to main.o(.text) for check_failed
    lpc12xx_timer32.o(.text) refers to system_lpc12xx.o(.data) for SystemCoreClock
    lpc12xx_uart.o(.text) refers to uidiv.o(.text) for __aeabi_uidivmod
    lpc12xx_uart.o(.text) refers to main.o(.text) for check_failed
    lpc12xx_uart.o(.text) refers to system_lpc12xx.o(.data) for MainClock
    lpc12xx_uart.o(.text) refers to lpc12xx_uart.o(.bss) for UART_Configration
    entry.o(.ARM.Collect$$$$00000000) refers (Special) to entry10a.o(.ARM.Collect$$$$0000000D) for __rt_final_cpp
    entry.o(.ARM.Collect$$$$00000000) refers (Special) to entry11a.o(.ARM.Collect$$$$0000000F) for __rt_final_exit
    entry.o(.ARM.Collect$$$$00000000) refers (Special) to entry7b.o(.ARM.Collect$$$$00000008) for _main_clock
    entry.o(.ARM.Collect$$$$00000000) refers (Special) to entry8b.o(.ARM.Collect$$$$0000000A) for _main_cpp_init
    entry.o(.ARM.Collect$$$$00000000) refers (Special) to entry9a.o(.ARM.Collect$$$$0000000B) for _main_init
    entry.o(.ARM.Collect$$$$00000000) refers (Special) to entry5.o(.ARM.Collect$$$$00000004) for _main_scatterload
    entry.o(.ARM.Collect$$$$00000000) refers (Special) to entry2.o(.ARM.Collect$$$$00000001) for _main_stk
    uldiv.o(.text) refers to llushr.o(.text) for __aeabi_llsr
    uldiv.o(.text) refers to llshl.o(.text) for __aeabi_llsl
    llmul.o(.text) refers to llshl.o(.text) for __aeabi_llsl
    printfb.o(i.__0fprintf$bare) refers to printfb.o(i._printf_core) for _printf_core
    printfb.o(i.__0fprintf$bare) refers to fputc.o(i.fputc) for fputc
    printfb.o(i.__0printf$bare) refers to printfb.o(i._printf_core) for _printf_core
    printfb.o(i.__0printf$bare) refers to fputc.o(i.fputc) for fputc
    printfb.o(i.__0printf$bare) refers to stdout.o(.data) for __stdout
    printfb.o(i.__0snprintf$bare) refers to printfb.o(i._printf_core) for _printf_core
    printfb.o(i.__0snprintf$bare) refers to printfb.o(i._snputc) for _snputc
    printfb.o(i.__0sprintf$bare) refers to printfb.o(i._printf_core) for _printf_core
    printfb.o(i.__0sprintf$bare) refers to printfb.o(i._sputc) for _sputc
    printfb.o(i.__0vfprintf$bare) refers to printfb.o(i._printf_core) for _printf_core
    printfb.o(i.__0vfprintf$bare) refers to fputc.o(i.fputc) for fputc
    printfb.o(i.__0vprintf$bare) refers to printfb.o(i._printf_core) for _printf_core
    printfb.o(i.__0vprintf$bare) refers to fputc.o(i.fputc) for fputc
    printfb.o(i.__0vprintf$bare) refers to stdout.o(.data) for __stdout
    printfb.o(i.__0vsnprintf$bare) refers to printfb.o(i._printf_core) for _printf_core
    printfb.o(i.__0vsnprintf$bare) refers to printfb.o(i._snputc) for _snputc
    printfb.o(i.__0vsprintf$bare) refers to printfb.o(i._printf_core) for _printf_core
    printfb.o(i.__0vsprintf$bare) refers to printfb.o(i._sputc) for _sputc
    printf0.o(i.__0fprintf$0) refers to printf0.o(i._printf_core) for _printf_core
    printf0.o(i.__0fprintf$0) refers to fputc.o(i.fputc) for fputc
    printf0.o(i.__0printf$0) refers to printf0.o(i._printf_core) for _printf_core
    printf0.o(i.__0printf$0) refers to fputc.o(i.fputc) for fputc
    printf0.o(i.__0printf$0) refers to stdout.o(.data) for __stdout
    printf0.o(i.__0snprintf$0) refers to printf0.o(i._printf_core) for _printf_core
    printf0.o(i.__0snprintf$0) refers to printf0.o(i._snputc) for _snputc
    printf0.o(i.__0sprintf$0) refers to printf0.o(i._printf_core) for _printf_core
    printf0.o(i.__0sprintf$0) refers to printf0.o(i._sputc) for _sputc
    printf0.o(i.__0vfprintf$0) refers to printf0.o(i._printf_core) for _printf_core
    printf0.o(i.__0vfprintf$0) refers to fputc.o(i.fputc) for fputc
    printf0.o(i.__0vprintf$0) refers to printf0.o(i._printf_core) for _printf_core
    printf0.o(i.__0vprintf$0) refers to fputc.o(i.fputc) for fputc
    printf0.o(i.__0vprintf$0) refers to stdout.o(.data) for __stdout
    printf0.o(i.__0vsnprintf$0) refers to printf0.o(i._printf_core) for _printf_core
    printf0.o(i.__0vsnprintf$0) refers to printf0.o(i._snputc) for _snputc
    printf0.o(i.__0vsprintf$0) refers to printf0.o(i._printf_core) for _printf_core
    printf0.o(i.__0vsprintf$0) refers to printf0.o(i._sputc) for _sputc
    printf1.o(i.__0fprintf$1) refers to printf1.o(i._printf_core) for _printf_core
    printf1.o(i.__0fprintf$1) refers to fputc.o(i.fputc) for fputc
    printf1.o(i.__0printf$1) refers to printf1.o(i._printf_core) for _printf_core
    printf1.o(i.__0printf$1) refers to fputc.o(i.fputc) for fputc
    printf1.o(i.__0printf$1) refers to stdout.o(.data) for __stdout
    printf1.o(i.__0snprintf$1) refers to printf1.o(i._printf_core) for _printf_core
    printf1.o(i.__0snprintf$1) refers to printf1.o(i._snputc) for _snputc
    printf1.o(i.__0sprintf$1) refers to printf1.o(i._printf_core) for _printf_core
    printf1.o(i.__0sprintf$1) refers to printf1.o(i._sputc) for _sputc
    printf1.o(i.__0vfprintf$1) refers to printf1.o(i._printf_core) for _printf_core
    printf1.o(i.__0vfprintf$1) refers to fputc.o(i.fputc) for fputc
    printf1.o(i.__0vprintf$1) refers to printf1.o(i._printf_core) for _printf_core
    printf1.o(i.__0vprintf$1) refers to fputc.o(i.fputc) for fputc
    printf1.o(i.__0vprintf$1) refers to stdout.o(.data) for __stdout
    printf1.o(i.__0vsnprintf$1) refers to printf1.o(i._printf_core) for _printf_core
    printf1.o(i.__0vsnprintf$1) refers to printf1.o(i._snputc) for _snputc
    printf1.o(i.__0vsprintf$1) refers to printf1.o(i._printf_core) for _printf_core
    printf1.o(i.__0vsprintf$1) refers to printf1.o(i._sputc) for _sputc
    printf1.o(i._printf_core) refers to uidiv.o(.text) for __aeabi_uidivmod
    printf2.o(i.__0fprintf$2) refers to printf2.o(i._printf_core) for _printf_core
    printf2.o(i.__0fprintf$2) refers to fputc.o(i.fputc) for fputc
    printf2.o(i.__0printf$2) refers to printf2.o(i._printf_core) for _printf_core
    printf2.o(i.__0printf$2) refers to fputc.o(i.fputc) for fputc
    printf2.o(i.__0printf$2) refers to stdout.o(.data) for __stdout
    printf2.o(i.__0snprintf$2) refers to printf2.o(i._printf_core) for _printf_core
    printf2.o(i.__0snprintf$2) refers to printf2.o(i._snputc) for _snputc
    printf2.o(i.__0sprintf$2) refers to printf2.o(i._printf_core) for _printf_core
    printf2.o(i.__0sprintf$2) refers to printf2.o(i._sputc) for _sputc
    printf2.o(i.__0vfprintf$2) refers to printf2.o(i._printf_core) for _printf_core
    printf2.o(i.__0vfprintf$2) refers to fputc.o(i.fputc) for fputc
    printf2.o(i.__0vprintf$2) refers to printf2.o(i._printf_core) for _printf_core
    printf2.o(i.__0vprintf$2) refers to fputc.o(i.fputc) for fputc
    printf2.o(i.__0vprintf$2) refers to stdout.o(.data) for __stdout
    printf2.o(i.__0vsnprintf$2) refers to printf2.o(i._printf_core) for _printf_core
    printf2.o(i.__0vsnprintf$2) refers to printf2.o(i._snputc) for _snputc
    printf2.o(i.__0vsprintf$2) refers to printf2.o(i._printf_core) for _printf_core
    printf2.o(i.__0vsprintf$2) refers to printf2.o(i._sputc) for _sputc
    printf3.o(i.__0fprintf$3) refers to printf3.o(i._printf_core) for _printf_core
    printf3.o(i.__0fprintf$3) refers to fputc.o(i.fputc) for fputc
    printf3.o(i.__0printf$3) refers to printf3.o(i._printf_core) for _printf_core
    printf3.o(i.__0printf$3) refers to fputc.o(i.fputc) for fputc
    printf3.o(i.__0printf$3) refers to stdout.o(.data) for __stdout
    printf3.o(i.__0snprintf$3) refers to printf3.o(i._printf_core) for _printf_core
    printf3.o(i.__0snprintf$3) refers to printf3.o(i._snputc) for _snputc
    printf3.o(i.__0sprintf$3) refers to printf3.o(i._printf_core) for _printf_core
    printf3.o(i.__0sprintf$3) refers to printf3.o(i._sputc) for _sputc
    printf3.o(i.__0vfprintf$3) refers to printf3.o(i._printf_core) for _printf_core
    printf3.o(i.__0vfprintf$3) refers to fputc.o(i.fputc) for fputc
    printf3.o(i.__0vprintf$3) refers to printf3.o(i._printf_core) for _printf_core
    printf3.o(i.__0vprintf$3) refers to fputc.o(i.fputc) for fputc
    printf3.o(i.__0vprintf$3) refers to stdout.o(.data) for __stdout
    printf3.o(i.__0vsnprintf$3) refers to printf3.o(i._printf_core) for _printf_core
    printf3.o(i.__0vsnprintf$3) refers to printf3.o(i._snputc) for _snputc
    printf3.o(i.__0vsprintf$3) refers to printf3.o(i._printf_core) for _printf_core
    printf3.o(i.__0vsprintf$3) refers to printf3.o(i._sputc) for _sputc
    printf3.o(i._printf_core) refers to uidiv.o(.text) for __aeabi_uidivmod
    printf4.o(i.__0fprintf$4) refers to printf4.o(i._printf_core) for _printf_core
    printf4.o(i.__0fprintf$4) refers to fputc.o(i.fputc) for fputc
    printf4.o(i.__0printf$4) refers to printf4.o(i._printf_core) for _printf_core
    printf4.o(i.__0printf$4) refers to fputc.o(i.fputc) for fputc
    printf4.o(i.__0printf$4) refers to stdout.o(.data) for __stdout
    printf4.o(i.__0snprintf$4) refers to printf4.o(i._printf_core) for _printf_core
    printf4.o(i.__0snprintf$4) refers to printf4.o(i._snputc) for _snputc
    printf4.o(i.__0sprintf$4) refers to printf4.o(i._printf_core) for _printf_core
    printf4.o(i.__0sprintf$4) refers to printf4.o(i._sputc) for _sputc
    printf4.o(i.__0vfprintf$4) refers to printf4.o(i._printf_core) for _printf_core
    printf4.o(i.__0vfprintf$4) refers to fputc.o(i.fputc) for fputc
    printf4.o(i.__0vprintf$4) refers to printf4.o(i._printf_core) for _printf_core
    printf4.o(i.__0vprintf$4) refers to fputc.o(i.fputc) for fputc
    printf4.o(i.__0vprintf$4) refers to stdout.o(.data) for __stdout
    printf4.o(i.__0vsnprintf$4) refers to printf4.o(i._printf_core) for _printf_core
    printf4.o(i.__0vsnprintf$4) refers to printf4.o(i._snputc) for _snputc
    printf4.o(i.__0vsprintf$4) refers to printf4.o(i._printf_core) for _printf_core
    printf4.o(i.__0vsprintf$4) refers to printf4.o(i._sputc) for _sputc
    printf4.o(i._printf_core) refers to uldiv.o(.text) for __aeabi_uldivmod
    printf5.o(i.__0fprintf$5) refers to printf5.o(i._printf_core) for _printf_core
    printf5.o(i.__0fprintf$5) refers to fputc.o(i.fputc) for fputc
    printf5.o(i.__0printf$5) refers to printf5.o(i._printf_core) for _printf_core
    printf5.o(i.__0printf$5) refers to fputc.o(i.fputc) for fputc
    printf5.o(i.__0printf$5) refers to stdout.o(.data) for __stdout
    printf5.o(i.__0snprintf$5) refers to printf5.o(i._printf_core) for _printf_core
    printf5.o(i.__0snprintf$5) refers to printf5.o(i._snputc) for _snputc
    printf5.o(i.__0sprintf$5) refers to printf5.o(i._printf_core) for _printf_core
    printf5.o(i.__0sprintf$5) refers to printf5.o(i._sputc) for _sputc
    printf5.o(i.__0vfprintf$5) refers to printf5.o(i._printf_core) for _printf_core
    printf5.o(i.__0vfprintf$5) refers to fputc.o(i.fputc) for fputc
    printf5.o(i.__0vprintf$5) refers to printf5.o(i._printf_core) for _printf_core
    printf5.o(i.__0vprintf$5) refers to fputc.o(i.fputc) for fputc
    printf5.o(i.__0vprintf$5) refers to stdout.o(.data) for __stdout
    printf5.o(i.__0vsnprintf$5) refers to printf5.o(i._printf_core) for _printf_core
    printf5.o(i.__0vsnprintf$5) refers to printf5.o(i._snputc) for _snputc
    printf5.o(i.__0vsprintf$5) refers to printf5.o(i._printf_core) for _printf_core
    printf5.o(i.__0vsprintf$5) refers to printf5.o(i._sputc) for _sputc
    printf5.o(i._printf_core) refers to uldiv.o(.text) for __aeabi_uldivmod
    printf6.o(i.__0fprintf$6) refers to printf6.o(i._printf_core) for _printf_core
    printf6.o(i.__0fprintf$6) refers to fputc.o(i.fputc) for fputc
    printf6.o(i.__0printf$6) refers to printf6.o(i._printf_core) for _printf_core
    printf6.o(i.__0printf$6) refers to fputc.o(i.fputc) for fputc
    printf6.o(i.__0printf$6) refers to stdout.o(.data) for __stdout
    printf6.o(i.__0snprintf$6) refers to printf6.o(i._printf_core) for _printf_core
    printf6.o(i.__0snprintf$6) refers to printf6.o(i._snputc) for _snputc
    printf6.o(i.__0sprintf$6) refers to printf6.o(i._printf_core) for _printf_core
    printf6.o(i.__0sprintf$6) refers to printf6.o(i._sputc) for _sputc
    printf6.o(i.__0vfprintf$6) refers to printf6.o(i._printf_core) for _printf_core
    printf6.o(i.__0vfprintf$6) refers to fputc.o(i.fputc) for fputc
    printf6.o(i.__0vprintf$6) refers to printf6.o(i._printf_core) for _printf_core
    printf6.o(i.__0vprintf$6) refers to fputc.o(i.fputc) for fputc
    printf6.o(i.__0vprintf$6) refers to stdout.o(.data) for __stdout
    printf6.o(i.__0vsnprintf$6) refers to printf6.o(i._printf_core) for _printf_core
    printf6.o(i.__0vsnprintf$6) refers to printf6.o(i._snputc) for _snputc
    printf6.o(i.__0vsprintf$6) refers to printf6.o(i._printf_core) for _printf_core
    printf6.o(i.__0vsprintf$6) refers to printf6.o(i._sputc) for _sputc
    printf6.o(i._printf_core) refers to printf6.o(i._printf_pre_padding) for _printf_pre_padding
    printf6.o(i._printf_core) refers to printf6.o(i._printf_post_padding) for _printf_post_padding
    printf6.o(i._printf_core) refers to uidiv.o(.text) for __aeabi_uidivmod
    printf7.o(i.__0fprintf$7) refers to printf7.o(i._printf_core) for _printf_core
    printf7.o(i.__0fprintf$7) refers to fputc.o(i.fputc) for fputc
    printf7.o(i.__0printf$7) refers to printf7.o(i._printf_core) for _printf_core
    printf7.o(i.__0printf$7) refers to fputc.o(i.fputc) for fputc
    printf7.o(i.__0printf$7) refers to stdout.o(.data) for __stdout
    printf7.o(i.__0snprintf$7) refers to printf7.o(i._printf_core) for _printf_core
    printf7.o(i.__0snprintf$7) refers to printf7.o(i._snputc) for _snputc
    printf7.o(i.__0sprintf$7) refers to printf7.o(i._printf_core) for _printf_core
    printf7.o(i.__0sprintf$7) refers to printf7.o(i._sputc) for _sputc
    printf7.o(i.__0vfprintf$7) refers to printf7.o(i._printf_core) for _printf_core
    printf7.o(i.__0vfprintf$7) refers to fputc.o(i.fputc) for fputc
    printf7.o(i.__0vprintf$7) refers to printf7.o(i._printf_core) for _printf_core
    printf7.o(i.__0vprintf$7) refers to fputc.o(i.fputc) for fputc
    printf7.o(i.__0vprintf$7) refers to stdout.o(.data) for __stdout
    printf7.o(i.__0vsnprintf$7) refers to printf7.o(i._printf_core) for _printf_core
    printf7.o(i.__0vsnprintf$7) refers to printf7.o(i._snputc) for _snputc
    printf7.o(i.__0vsprintf$7) refers to printf7.o(i._printf_core) for _printf_core
    printf7.o(i.__0vsprintf$7) refers to printf7.o(i._sputc) for _sputc
    printf7.o(i._printf_core) refers to printf7.o(i._printf_pre_padding) for _printf_pre_padding
    printf7.o(i._printf_core) refers to printf7.o(i._printf_post_padding) for _printf_post_padding
    printf7.o(i._printf_core) refers to uldiv.o(.text) for __aeabi_uldivmod
    printf8.o(i.__0fprintf$8) refers to printf8.o(i._printf_core) for _printf_core
    printf8.o(i.__0fprintf$8) refers to fputc.o(i.fputc) for fputc
    printf8.o(i.__0printf$8) refers to printf8.o(i._printf_core) for _printf_core
    printf8.o(i.__0printf$8) refers to fputc.o(i.fputc) for fputc
    printf8.o(i.__0printf$8) refers to stdout.o(.data) for __stdout
    printf8.o(i.__0snprintf$8) refers to printf8.o(i._printf_core) for _printf_core
    printf8.o(i.__0snprintf$8) refers to printf8.o(i._snputc) for _snputc
    printf8.o(i.__0sprintf$8) refers to printf8.o(i._printf_core) for _printf_core
    printf8.o(i.__0sprintf$8) refers to printf8.o(i._sputc) for _sputc
    printf8.o(i.__0vfprintf$8) refers to printf8.o(i._printf_core) for _printf_core
    printf8.o(i.__0vfprintf$8) refers to fputc.o(i.fputc) for fputc
    printf8.o(i.__0vprintf$8) refers to printf8.o(i._printf_core) for _printf_core
    printf8.o(i.__0vprintf$8) refers to fputc.o(i.fputc) for fputc
    printf8.o(i.__0vprintf$8) refers to stdout.o(.data) for __stdout
    printf8.o(i.__0vsnprintf$8) refers to printf8.o(i._printf_core) for _printf_core
    printf8.o(i.__0vsnprintf$8) refers to printf8.o(i._snputc) for _snputc
    printf8.o(i.__0vsprintf$8) refers to printf8.o(i._printf_core) for _printf_core
    printf8.o(i.__0vsprintf$8) refers to printf8.o(i._sputc) for _sputc
    printf8.o(i._printf_core) refers to printf8.o(i._printf_pre_padding) for _printf_pre_padding
    printf8.o(i._printf_core) refers to printf8.o(i._printf_post_padding) for _printf_post_padding
    printf8.o(i._printf_core) refers to uldiv.o(.text) for __aeabi_uldivmod
    printfa.o(i.__0fprintf) refers (Special) to iusefp.o(.text) for __I$use$fp
    printfa.o(i.__0fprintf) refers to printfa.o(i._printf_core) for _printf_core
    printfa.o(i.__0fprintf) refers to fputc.o(i.fputc) for fputc
    printfa.o(i.__0printf) refers (Special) to iusefp.o(.text) for __I$use$fp
    printfa.o(i.__0printf) refers to printfa.o(i._printf_core) for _printf_core
    printfa.o(i.__0printf) refers to fputc.o(i.fputc) for fputc
    printfa.o(i.__0printf) refers to stdout.o(.data) for __stdout
    printfa.o(i.__0snprintf) refers (Special) to iusefp.o(.text) for __I$use$fp
    printfa.o(i.__0snprintf) refers to printfa.o(i._printf_core) for _printf_core
    printfa.o(i.__0snprintf) refers to printfa.o(i._snputc) for _snputc
    printfa.o(i.__0sprintf) refers (Special) to iusefp.o(.text) for __I$use$fp
    printfa.o(i.__0sprintf) refers to printfa.o(i._printf_core) for _printf_core
    printfa.o(i.__0sprintf) refers to printfa.o(i._sputc) for _sputc
    printfa.o(i.__0vfprintf) refers (Special) to iusefp.o(.text) for __I$use$fp
    printfa.o(i.__0vfprintf) refers to printfa.o(i._printf_core) for _printf_core
    printfa.o(i.__0vfprintf) refers to fputc.o(i.fputc) for fputc
    printfa.o(i.__0vprintf) refers (Special) to iusefp.o(.text) for __I$use$fp
    printfa.o(i.__0vprintf) refers to printfa.o(i._printf_core) for _printf_core
    printfa.o(i.__0vprintf) refers to fputc.o(i.fputc) for fputc
    printfa.o(i.__0vprintf) refers to stdout.o(.data) for __stdout
    printfa.o(i.__0vsnprintf) refers (Special) to iusefp.o(.text) for __I$use$fp
    printfa.o(i.__0vsnprintf) refers to printfa.o(i._printf_core) for _printf_core
    printfa.o(i.__0vsnprintf) refers to printfa.o(i._snputc) for _snputc
    printfa.o(i.__0vsprintf) refers (Special) to iusefp.o(.text) for __I$use$fp
    printfa.o(i.__0vsprintf) refers to printfa.o(i._printf_core) for _printf_core
    printfa.o(i.__0vsprintf) refers to printfa.o(i._sputc) for _sputc
    printfa.o(i._fp_digits) refers (Special) to iusefp.o(.text) for __I$use$fp
    printfa.o(i._fp_digits) refers to dmul.o(.text) for __aeabi_dmul
    printfa.o(i._fp_digits) refers to ddiv.o(.text) for __aeabi_ddiv
    printfa.o(i._fp_digits) refers to cdrcmple.o(.text) for __aeabi_cdrcmple
    printfa.o(i._fp_digits) refers to dadd.o(.text) for __aeabi_dadd
    printfa.o(i._fp_digits) refers to dfixul.o(.text) for __aeabi_d2ulz
    printfa.o(i._fp_digits) refers to uldiv.o(.text) for __aeabi_uldivmod
    printfa.o(i._printf_core) refers (Special) to iusefp.o(.text) for __I$use$fp
    printfa.o(i._printf_core) refers to printfa.o(i._printf_pre_padding) for _printf_pre_padding
    printfa.o(i._printf_core) refers to uldiv.o(.text) for __aeabi_uldivmod
    printfa.o(i._printf_core) refers to printfa.o(i._printf_post_padding) for _printf_post_padding
    printfa.o(i._printf_core) refers to printfa.o(i._fp_digits) for _fp_digits
    printfa.o(i._printf_core) refers to uidiv.o(.text) for __aeabi_uidivmod
    printfa.o(i._printf_post_padding) refers (Special) to iusefp.o(.text) for __I$use$fp
    printfa.o(i._printf_pre_padding) refers (Special) to iusefp.o(.text) for __I$use$fp
    printfa.o(i._snputc) refers (Special) to iusefp.o(.text) for __I$use$fp
    printfa.o(i._sputc) refers (Special) to iusefp.o(.text) for __I$use$fp
    entry2.o(.ARM.Collect$$$$00000001) refers to entry2.o(.ARM.Collect$$$$00002712) for __lit__00000000
    entry2.o(.ARM.Collect$$$$00002712) refers to startup_lpc12xx.o(STACK) for __initial_sp
    entry2.o(__vectab_stack_and_reset_area) refers to startup_lpc12xx.o(STACK) for __initial_sp
    entry2.o(__vectab_stack_and_reset_area) refers to entry.o(.ARM.Collect$$$$00000000) for __main
    entry5.o(.ARM.Collect$$$$00000004) refers to init.o(.text) for __scatterload
    entry9a.o(.ARM.Collect$$$$0000000B) refers to main.o(.text) for main
    entry9b.o(.ARM.Collect$$$$0000000C) refers to main.o(.text) for main
    fputc.o(i.fputc) refers (Special) to iusesemip.o(.text) for __I$use$semihosting$fputc
    fputc.o(i.fputc) refers (Special) to semi.o(.text) for __semihosting_library_function
    dadd.o(.text) refers to llshl.o(.text) for __aeabi_llsl
    dadd.o(.text) refers to llsshr.o(.text) for __aeabi_lasr
    dadd.o(.text) refers to depilogue.o(.text) for _double_epilogue
    dmul.o(.text) refers to depilogue.o(.text) for _double_epilogue
    ddiv.o(.text) refers to depilogue.o(.text) for _double_round
    dfixul.o(.text) refers to llushr.o(.text) for __aeabi_llsr
    dfixul.o(.text) refers to llshl.o(.text) for __aeabi_llsl
    init.o(.text) refers to entry5.o(.ARM.Collect$$$$00000004) for __main_after_scatterload
    depilogue.o(.text) refers to depilogue.o(i.__ARM_clz) for __ARM_clz
    depilogue.o(.text) refers to llshl.o(.text) for __aeabi_llsl
    depilogue.o(.text) refers to llushr.o(.text) for __aeabi_llsr


==============================================================================

Removing Unused input sections from the image.

    Removing startup_lpc12xx.o(HEAP), (512 bytes).
    Removing core_cm0.o(.emb_text), (32 bytes).
    Removing debug_frmwrk.o(.text), (548 bytes).
    Removing lpc12xx_adc.o(.text), (848 bytes).
    Removing lpc12xx_gpio.o(.text), (1036 bytes).
    Removing lpc12xx_gpio.o(.bss), (12 bytes).
    Removing lpc12xx_timer16.o(.text), (1472 bytes).
    Removing lpc12xx_timer32.o(.text), (1496 bytes).
    Removing dadd.o(.text), (356 bytes).
    Removing dmul.o(.text), (208 bytes).
    Removing ddiv.o(.text), (240 bytes).
    Removing dfixul.o(.text), (64 bytes).
    Removing cdrcmple.o(.text), (40 bytes).
    Removing depilogue.o(.text), (192 bytes).
    Removing depilogue.o(i.__ARM_clz), (46 bytes).

15 unused section(s) (total 7102 bytes) removed from the image.

==============================================================================

Image Symbol Table

    Local Symbols

    Symbol Name                              Value     Ov Type        Size  Object(Section)

    RESET                                    0x00000000   Section      192  startup_lpc12xx.o(RESET)
    ../clib/microlib/division.c              0x00000000   Number         0  uidiv.o ABSOLUTE
    ../clib/microlib/division.c              0x00000000   Number         0  uldiv.o ABSOLUTE
    ../clib/microlib/init/entry.s            0x00000000   Number         0  entry8b.o ABSOLUTE
    ../clib/microlib/init/entry.s            0x00000000   Number         0  entry11a.o ABSOLUTE
    ../clib/microlib/init/entry.s            0x00000000   Number         0  entry10a.o ABSOLUTE
    ../clib/microlib/init/entry.s            0x00000000   Number         0  entry10b.o ABSOLUTE
    ../clib/microlib/init/entry.s            0x00000000   Number         0  entry11b.o ABSOLUTE
    ../clib/microlib/init/entry.s            0x00000000   Number         0  entry9a.o ABSOLUTE
    ../clib/microlib/init/entry.s            0x00000000   Number         0  entry2.o ABSOLUTE
    ../clib/microlib/init/entry.s            0x00000000   Number         0  entry9b.o ABSOLUTE
    ../clib/microlib/init/entry.s            0x00000000   Number         0  entry8a.o ABSOLUTE
    ../clib/microlib/init/entry.s            0x00000000   Number         0  entry7b.o ABSOLUTE
    ../clib/microlib/init/entry.s            0x00000000   Number         0  entry7a.o ABSOLUTE
    ../clib/microlib/init/entry.s            0x00000000   Number         0  entry5.o ABSOLUTE
    ../clib/microlib/init/entry.s            0x00000000   Number         0  entry.o ABSOLUTE
    ../clib/microlib/longlong.c              0x00000000   Number         0  llmul.o ABSOLUTE
    ../clib/microlib/longlong.c              0x00000000   Number         0  llsshr.o ABSOLUTE
    ../clib/microlib/longlong.c              0x00000000   Number         0  llushr.o ABSOLUTE
    ../clib/microlib/longlong.c              0x00000000   Number         0  llshl.o ABSOLUTE
    ../clib/microlib/printf/printf.c         0x00000000   Number         0  printf2.o ABSOLUTE
    ../clib/microlib/printf/printf.c         0x00000000   Number         0  printf5.o ABSOLUTE
    ../clib/microlib/printf/printf.c         0x00000000   Number         0  printf4.o ABSOLUTE
    ../clib/microlib/printf/printf.c         0x00000000   Number         0  printf3.o ABSOLUTE
    ../clib/microlib/printf/printf.c         0x00000000   Number         0  printfb.o ABSOLUTE
    ../clib/microlib/printf/printf.c         0x00000000   Number         0  printf0.o ABSOLUTE
    ../clib/microlib/printf/printf.c         0x00000000   Number         0  printf6.o ABSOLUTE
    ../clib/microlib/printf/printf.c         0x00000000   Number         0  printfa.o ABSOLUTE
    ../clib/microlib/printf/printf.c         0x00000000   Number         0  printf8.o ABSOLUTE
    ../clib/microlib/printf/printf.c         0x00000000   Number         0  printf7.o ABSOLUTE
    ../clib/microlib/printf/printf.c         0x00000000   Number         0  printf1.o ABSOLUTE
    ../clib/microlib/printf/stubs.s          0x00000000   Number         0  stubs.o ABSOLUTE
    ../clib/microlib/stdio/fputc.c           0x00000000   Number         0  fputc.o ABSOLUTE
    ../clib/microlib/stdio/semi.s            0x00000000   Number         0  semi.o ABSOLUTE
    ../clib/microlib/stdio/streams.c         0x00000000   Number         0  stdout.o ABSOLUTE
    ../clib/microlib/string/strlen.c         0x00000000   Number         0  strlen.o ABSOLUTE
    ../clib/microlib/stubs.s                 0x00000000   Number         0  iusefp.o ABSOLUTE
    ../clib/microlib/stubs.s                 0x00000000   Number         0  iusesemip.o ABSOLUTE
    ../fplib/microlib/fpadd.c                0x00000000   Number         0  dadd.o ABSOLUTE
    ../fplib/microlib/fpdiv.c                0x00000000   Number         0  ddiv.o ABSOLUTE
    ../fplib/microlib/fpepilogue.c           0x00000000   Number         0  depilogue.o ABSOLUTE
    ../fplib/microlib/fpfix.c                0x00000000   Number         0  dfixul.o ABSOLUTE
    ../fplib/microlib/fpmul.c                0x00000000   Number         0  dmul.o ABSOLUTE
    ..\Source\APP\main.c                     0x00000000   Number         0  main.o ABSOLUTE
    ..\Source\CMIMS\CM0\core_cm0.c           0x00000000   Number         0  core_cm0.o ABSOLUTE
    ..\Source\CMIMS\LPC12xx\system_LPC12xx.c 0x00000000   Number         0  system_lpc12xx.o ABSOLUTE
    ..\Source\CMIMS\Startup\startup_LPC12xx.s 0x00000000   Number         0  startup_lpc12xx.o ABSOLUTE
    ..\Source\Library\source\debug_frmwrk.c  0x00000000   Number         0  debug_frmwrk.o ABSOLUTE
    ..\Source\Library\source\lpc12xx_adc.c   0x00000000   Number         0  lpc12xx_adc.o ABSOLUTE
    ..\Source\Library\source\lpc12xx_comp.c  0x00000000   Number         0  lpc12xx_comp.o ABSOLUTE
    ..\Source\Library\source\lpc12xx_crc.c   0x00000000   Number         0  lpc12xx_crc.o ABSOLUTE
    ..\Source\Library\source\lpc12xx_dma.c   0x00000000   Number         0  lpc12xx_dma.o ABSOLUTE
    ..\Source\Library\source\lpc12xx_flash.c 0x00000000   Number         0  lpc12xx_flash.o ABSOLUTE
    ..\Source\Library\source\lpc12xx_gpio.c  0x00000000   Number         0  lpc12xx_gpio.o ABSOLUTE
    ..\Source\Library\source\lpc12xx_i2c.c   0x00000000   Number         0  lpc12xx_i2c.o ABSOLUTE
    ..\Source\Library\source\lpc12xx_iocon.c 0x00000000   Number         0  lpc12xx_iocon.o ABSOLUTE
    ..\Source\Library\source\lpc12xx_libcfg_default.c 0x00000000   Number         0  lpc12xx_libcfg_default.o ABSOLUTE
    ..\Source\Library\source\lpc12xx_pmu.c   0x00000000   Number         0  lpc12xx_pmu.o ABSOLUTE
    ..\Source\Library\source\lpc12xx_rtc.c   0x00000000   Number         0  lpc12xx_rtc.o ABSOLUTE
    ..\Source\Library\source\lpc12xx_ssp.c   0x00000000   Number         0  lpc12xx_ssp.o ABSOLUTE
    ..\Source\Library\source\lpc12xx_sysctrl.c 0x00000000   Number         0  lpc12xx_sysctrl.o ABSOLUTE
    ..\Source\Library\source\lpc12xx_timer16.c 0x00000000   Number         0  lpc12xx_timer16.o ABSOLUTE
    ..\Source\Library\source\lpc12xx_timer32.c 0x00000000   Number         0  lpc12xx_timer32.o ABSOLUTE
    ..\Source\Library\source\lpc12xx_uart.c  0x00000000   Number         0  lpc12xx_uart.o ABSOLUTE
    ..\Source\Library\source\lpc12xx_wdt.c   0x00000000   Number         0  lpc12xx_wdt.o ABSOLUTE
    ..\\Source\\CMIMS\\CM0\\core_cm0.c       0x00000000   Number         0  core_cm0.o ABSOLUTE
    cdrcmple.s                               0x00000000   Number         0  cdrcmple.o ABSOLUTE
    dc.s                                     0x00000000   Number         0  dc.o ABSOLUTE
    handlers.s                               0x00000000   Number         0  handlers.o ABSOLUTE
    init.s                                   0x00000000   Number         0  init.o ABSOLUTE
    .ARM.__at_0x02FC                         0x000002fc   Section        4  startup_lpc12xx.o(.ARM.__at_0x02FC)
    .ARM.Collect$$$$00000000                 0x00002000   Section        0  entry.o(.ARM.Collect$$$$00000000)
    .ARM.Collect$$$$00000001                 0x00002000   Section        4  entry2.o(.ARM.Collect$$$$00000001)
    .ARM.Collect$$$$00000004                 0x00002004   Section        4  entry5.o(.ARM.Collect$$$$00000004)
    .ARM.Collect$$$$00000008                 0x00002008   Section        0  entry7b.o(.ARM.Collect$$$$00000008)
    .ARM.Collect$$$$0000000A                 0x00002008   Section        0  entry8b.o(.ARM.Collect$$$$0000000A)
    .ARM.Collect$$$$0000000B                 0x00002008   Section        8  entry9a.o(.ARM.Collect$$$$0000000B)
    .ARM.Collect$$$$0000000D                 0x00002010   Section        0  entry10a.o(.ARM.Collect$$$$0000000D)
    .ARM.Collect$$$$0000000F                 0x00002010   Section        0  entry11a.o(.ARM.Collect$$$$0000000F)
    .ARM.Collect$$$$00002712                 0x00002010   Section        4  entry2.o(.ARM.Collect$$$$00002712)
    __lit__00000000                          0x00002010   Data           4  entry2.o(.ARM.Collect$$$$00002712)
    .text                                    0x00002014   Section       28  startup_lpc12xx.o(.text)
    .text                                    0x00002030   Section        0  system_lpc12xx.o(.text)
    .text                                    0x000022dc   Section        0  main.o(.text)
    .text                                    0x000024f8   Section        0  lpc12xx_sysctrl.o(.text)
    .text                                    0x000027d8   Section        0  lpc12xx_iocon.o(.text)
    .text                                    0x00002988   Section        0  lpc12xx_uart.o(.text)
    uart_get_num                             0x00002989   Thumb Code    16  lpc12xx_uart.o(.text)
    uart_set_divisors                        0x00002999   Thumb Code   286  lpc12xx_uart.o(.text)
    .text                                    0x00002fd8   Section        0  uidiv.o(.text)
    .text                                    0x00003004   Section        0  strlen.o(.text)
    .text                                    0x00003014   Section       36  init.o(.text)
    i.__0sprintf$1                           0x00003038   Section        0  printf1.o(i.__0sprintf$1)
    i.__ARM_common_switch8                   0x00003060   Section        0  system_lpc12xx.o(i.__ARM_common_switch8)
    i.__scatterload_copy                     0x0000307c   Section       14  handlers.o(i.__scatterload_copy)
    i.__scatterload_null                     0x0000308a   Section        2  handlers.o(i.__scatterload_null)
    i.__scatterload_zeroinit                 0x0000308c   Section       14  handlers.o(i.__scatterload_zeroinit)
    i._printf_core                           0x0000309c   Section        0  printf1.o(i._printf_core)
    _printf_core                             0x0000309d   Thumb Code   326  printf1.o(i._printf_core)
    i._sputc                                 0x000031e8   Section        0  printf1.o(i._sputc)
    _sputc                                   0x000031e9   Thumb Code    10  printf1.o(i._sputc)
    .data                                    0x100000e0   Section        8  system_lpc12xx.o(.data)
    .data                                    0x100000e8   Section        2  main.o(.data)
    .bss                                     0x100000ec   Section       10  main.o(.bss)
    .bss                                     0x100000f8   Section       24  lpc12xx_uart.o(.bss)
    UART_Configration                        0x100000f8   Data          24  lpc12xx_uart.o(.bss)
    STACK                                    0x10000110   Section      512  startup_lpc12xx.o(STACK)

    Global Symbols

    Symbol Name                              Value     Ov Type        Size  Object(Section)

    BuildAttributes$$THM_ISAv3M$S$PE$A:L22$X:L11$S22$IEEE1$IW$USESV6$~STKCKD$USESV7$~SHL$OSPACE$ROPI$EBA8$MICROLIB$REQ8$PRES8$EABIv2 0x00000000   Number         0  anon$$obj.o ABSOLUTE
    __ARM_use_no_argv                        0x00000000   Number         0  main.o ABSOLUTE
    __Vectors                                0x00000000   Data           4  startup_lpc12xx.o(RESET)
    _printf_a                                0x00000000   Number         0  stubs.o ABSOLUTE
    _printf_c                                0x00000000   Number         0  stubs.o ABSOLUTE
    _printf_charcount                        0x00000000   Number         0  stubs.o ABSOLUTE
    _printf_d                                0x00000000   Number         0  stubs.o ABSOLUTE
    _printf_e                                0x00000000   Number         0  stubs.o ABSOLUTE
    _printf_f                                0x00000000   Number         0  stubs.o ABSOLUTE
    _printf_flags                            0x00000000   Number         0  stubs.o ABSOLUTE
    _printf_fp_dec                           0x00000000   Number         0  stubs.o ABSOLUTE
    _printf_fp_hex                           0x00000000   Number         0  stubs.o ABSOLUTE
    _printf_g                                0x00000000   Number         0  stubs.o ABSOLUTE
    _printf_i                                0x00000000   Number         0  stubs.o ABSOLUTE
    _printf_int_dec                          0x00000000   Number         0  stubs.o ABSOLUTE
    _printf_l                                0x00000000   Number         0  stubs.o ABSOLUTE
    _printf_lc                               0x00000000   Number         0  stubs.o ABSOLUTE
    _printf_ll                               0x00000000   Number         0  stubs.o ABSOLUTE
    _printf_lld                              0x00000000   Number         0  stubs.o ABSOLUTE
    _printf_lli                              0x00000000   Number         0  stubs.o ABSOLUTE
    _printf_llo                              0x00000000   Number         0  stubs.o ABSOLUTE
    _printf_llu                              0x00000000   Number         0  stubs.o ABSOLUTE
    _printf_llx                              0x00000000   Number         0  stubs.o ABSOLUTE
    _printf_longlong_dec                     0x00000000   Number         0  stubs.o ABSOLUTE
    _printf_longlong_hex                     0x00000000   Number         0  stubs.o ABSOLUTE
    _printf_longlong_oct                     0x00000000   Number         0  stubs.o ABSOLUTE
    _printf_ls                               0x00000000   Number         0  stubs.o ABSOLUTE
    _printf_mbtowc                           0x00000000   Number         0  stubs.o ABSOLUTE
    _printf_n                                0x00000000   Number         0  stubs.o ABSOLUTE
    _printf_o                                0x00000000   Number         0  stubs.o ABSOLUTE
    _printf_p                                0x00000000   Number         0  stubs.o ABSOLUTE
    _printf_percent                          0x00000000   Number         0  stubs.o ABSOLUTE
    _printf_pre_padding                      0x00000000   Number         0  stubs.o ABSOLUTE
    _printf_return_value                     0x00000000   Number         0  stubs.o ABSOLUTE
    _printf_s                                0x00000000   Number         0  stubs.o ABSOLUTE
    _printf_sizespec                         0x00000000   Number         0  stubs.o ABSOLUTE
    _printf_str                              0x00000000   Number         0  stubs.o ABSOLUTE
    _printf_truncate_signed                  0x00000000   Number         0  stubs.o ABSOLUTE
    _printf_truncate_unsigned                0x00000000   Number         0  stubs.o ABSOLUTE
    _printf_u                                0x00000000   Number         0  stubs.o ABSOLUTE
    _printf_wc                               0x00000000   Number         0  stubs.o ABSOLUTE
    _printf_wctomb                           0x00000000   Number         0  stubs.o ABSOLUTE
    _printf_widthprec                        0x00000000   Number         0  stubs.o ABSOLUTE
    _printf_x                                0x00000000   Number         0  stubs.o ABSOLUTE
    __cpp_initialize__aeabi_                  - Undefined Weak Reference
    __cxa_finalize                            - Undefined Weak Reference
    __decompress                              - Undefined Weak Reference
    _clock_init                               - Undefined Weak Reference
    _microlib_exit                            - Undefined Weak Reference
    __main                                   0x00002001   Thumb Code     0  entry.o(.ARM.Collect$$$$00000000)
    _main_stk                                0x00002001   Thumb Code     0  entry2.o(.ARM.Collect$$$$00000001)
    _main_scatterload                        0x00002005   Thumb Code     0  entry5.o(.ARM.Collect$$$$00000004)
    __main_after_scatterload                 0x00002009   Thumb Code     0  entry5.o(.ARM.Collect$$$$00000004)
    _main_clock                              0x00002009   Thumb Code     0  entry7b.o(.ARM.Collect$$$$00000008)
    _main_cpp_init                           0x00002009   Thumb Code     0  entry8b.o(.ARM.Collect$$$$0000000A)
    _main_init                               0x00002009   Thumb Code     0  entry9a.o(.ARM.Collect$$$$0000000B)
    __rt_final_cpp                           0x00002011   Thumb Code     0  entry10a.o(.ARM.Collect$$$$0000000D)
    __rt_final_exit                          0x00002011   Thumb Code     0  entry11a.o(.ARM.Collect$$$$0000000F)
    Reset_Handler                            0x00002015   Thumb Code     8  startup_lpc12xx.o(.text)
    NMI_Handler                              0x0000201d   Thumb Code     2  startup_lpc12xx.o(.text)
    HardFault_Handler                        0x0000201f   Thumb Code     2  startup_lpc12xx.o(.text)
    SVC_Handler                              0x00002021   Thumb Code     2  startup_lpc12xx.o(.text)
    PendSV_Handler                           0x00002023   Thumb Code     2  startup_lpc12xx.o(.text)
    SysTick_Handler                          0x00002025   Thumb Code     2  startup_lpc12xx.o(.text)
    ADC_IRQHandler                           0x00002027   Thumb Code     0  startup_lpc12xx.o(.text)
    BOD_IRQHandler                           0x00002027   Thumb Code     0  startup_lpc12xx.o(.text)
    COMP_IRQHandler                          0x00002027   Thumb Code     0  startup_lpc12xx.o(.text)
    DMA_IRQHandler                           0x00002027   Thumb Code     0  startup_lpc12xx.o(.text)
    EDM_IRQHandler                           0x00002027   Thumb Code     0  startup_lpc12xx.o(.text)
    FMC_IRQHandler                           0x00002027   Thumb Code     0  startup_lpc12xx.o(.text)
    I2C_IRQHandler                           0x00002027   Thumb Code     0  startup_lpc12xx.o(.text)
    PIOINT0_IRQHandler                       0x00002027   Thumb Code     0  startup_lpc12xx.o(.text)
    PIOINT1_IRQHandler                       0x00002027   Thumb Code     0  startup_lpc12xx.o(.text)
    PIOINT2_IRQHandler                       0x00002027   Thumb Code     0  startup_lpc12xx.o(.text)
    PMU_IRQHandler                           0x00002027   Thumb Code     0  startup_lpc12xx.o(.text)
    RTC_IRQHandler                           0x00002027   Thumb Code     0  startup_lpc12xx.o(.text)
    SSP_IRQHandler                           0x00002027   Thumb Code     0  startup_lpc12xx.o(.text)
    TIMER16_0_IRQHandler                     0x00002027   Thumb Code     0  startup_lpc12xx.o(.text)
    TIMER16_1_IRQHandler                     0x00002027   Thumb Code     0  startup_lpc12xx.o(.text)
    TIMER32_0_IRQHandler                     0x00002027   Thumb Code     0  startup_lpc12xx.o(.text)
    TIMER32_1_IRQHandler                     0x00002027   Thumb Code     0  startup_lpc12xx.o(.text)
    UART1_IRQHandler                         0x00002027   Thumb Code     0  startup_lpc12xx.o(.text)
    WAKEUP_IRQHandler                        0x00002027   Thumb Code     0  startup_lpc12xx.o(.text)
    WDT_IRQHandler                           0x00002027   Thumb Code     0  startup_lpc12xx.o(.text)
    SystemCoreClockUpdate                    0x00002031   Thumb Code   404  system_lpc12xx.o(.text)
    SystemInit                               0x000021c5   Thumb Code   192  system_lpc12xx.o(.text)
    myDelay                                  0x000022dd   Thumb Code    30  main.o(.text)
    UART_IntHandler                          0x000022fb   Thumb Code   116  main.o(.text)
    UART0_IRQHandler                         0x0000236f   Thumb Code    10  main.o(.text)
    uartInit                                 0x00002379   Thumb Code   120  main.o(.text)
    uartSendByte                             0x000023f1   Thumb Code    32  main.o(.text)
    uartSendStr                              0x00002411   Thumb Code    24  main.o(.text)
    main                                     0x00002429   Thumb Code   140  main.o(.text)
    check_failed                             0x000024b5   Thumb Code     4  main.o(.text)
    SYS_GetResetStatus                       0x000024f9   Thumb Code    10  lpc12xx_sysctrl.o(.text)
    SYS_SetMemMap                            0x00002503   Thumb Code    10  lpc12xx_sysctrl.o(.text)
    SYS_SelectSystemPLLCLKSource             0x0000250d   Thumb Code    42  lpc12xx_sysctrl.o(.text)
    SYS_ConfigSystemPLL                      0x00002537   Thumb Code    88  lpc12xx_sysctrl.o(.text)
    SYS_SelectMainCLKSource                  0x0000258f   Thumb Code    42  lpc12xx_sysctrl.o(.text)
    SYS_SetAHBClockDiv                       0x000025b9   Thumb Code    10  lpc12xx_sysctrl.o(.text)
    SYS_ConfigAHBCLK                         0x000025c3   Thumb Code    36  lpc12xx_sysctrl.o(.text)
    SYS_ConfigWDTOSC                         0x000025e7   Thumb Code    42  lpc12xx_sysctrl.o(.text)
    SYS_ConfigCLKOUTCLK                      0x00002611   Thumb Code    50  lpc12xx_sysctrl.o(.text)
    SYS_ResetPeripheral                      0x00002643   Thumb Code    28  lpc12xx_sysctrl.o(.text)
    SYS_FlashOneCycleReadModeCmd             0x0000265f   Thumb Code    34  lpc12xx_sysctrl.o(.text)
    SYS_SetSSPClockDiv                       0x00002681   Thumb Code    10  lpc12xx_sysctrl.o(.text)
    SYS_SetUART0ClockDiv                     0x0000268b   Thumb Code    10  lpc12xx_sysctrl.o(.text)
    SYS_SetUART1ClockDiv                     0x00002695   Thumb Code    10  lpc12xx_sysctrl.o(.text)
    SYS_SetGlitchFilter0ClockDiv             0x0000269f   Thumb Code    10  lpc12xx_sysctrl.o(.text)
    SYS_SetGlitchFilter1ClockDiv             0x000026a9   Thumb Code    10  lpc12xx_sysctrl.o(.text)
    SYS_SetGlitchFilter2ClockDiv             0x000026b3   Thumb Code    10  lpc12xx_sysctrl.o(.text)
    SYS_SetGlitchFilter3ClockDiv             0x000026bd   Thumb Code    10  lpc12xx_sysctrl.o(.text)
    SYS_SetGlitchFilter4ClockDiv             0x000026c7   Thumb Code     8  lpc12xx_sysctrl.o(.text)
    SYS_SetGlitchFilter5ClockDiv             0x000026cf   Thumb Code     8  lpc12xx_sysctrl.o(.text)
    SYS_SetGlitchFilter6ClockDiv             0x000026d7   Thumb Code     8  lpc12xx_sysctrl.o(.text)
    SYS_ConfigDeepSleep                      0x000026df   Thumb Code    28  lpc12xx_sysctrl.o(.text)
    SYS_ConfigPowerDown                      0x000026fb   Thumb Code    28  lpc12xx_sysctrl.o(.text)
    SYS_ConfigWakeUp                         0x00002717   Thumb Code    28  lpc12xx_sysctrl.o(.text)
    SYS_NMIInterrupt                         0x00002733   Thumb Code     8  lpc12xx_sysctrl.o(.text)
    SYS_EnableStartLogic0                    0x0000273b   Thumb Code    28  lpc12xx_sysctrl.o(.text)
    SYS_SetStartLogic0Edge                   0x00002757   Thumb Code    28  lpc12xx_sysctrl.o(.text)
    SYS_ResetStartLogic0                     0x00002773   Thumb Code    12  lpc12xx_sysctrl.o(.text)
    SYS_EnableStartLogic1                    0x0000277f   Thumb Code    28  lpc12xx_sysctrl.o(.text)
    SYS_SetStartLogic1Edge                   0x0000279b   Thumb Code    28  lpc12xx_sysctrl.o(.text)
    SYS_ResetStartLogic1                     0x000027b7   Thumb Code    12  lpc12xx_sysctrl.o(.text)
    SYS_GetDeviceID                          0x000027c3   Thumb Code     6  lpc12xx_sysctrl.o(.text)
    IOCON_SetFunc                            0x000027d9   Thumb Code   352  lpc12xx_iocon.o(.text)
    IOCON_StructInit                         0x00002939   Thumb Code    30  lpc12xx_iocon.o(.text)
    UART_Init                                0x00002ab7   Thumb Code   174  lpc12xx_uart.o(.text)
    UART_SetConfig                           0x00002b65   Thumb Code   328  lpc12xx_uart.o(.text)
    UART_GetConfig                           0x00002cad   Thumb Code    54  lpc12xx_uart.o(.text)
    UART_ConfigTXD                           0x00002ce3   Thumb Code    52  lpc12xx_uart.o(.text)
    UART_Send                                0x00002d17   Thumb Code   206  lpc12xx_uart.o(.text)
    UART_Receive                             0x00002de5   Thumb Code   128  lpc12xx_uart.o(.text)
    UART_GetLineStatus                       0x00002e65   Thumb Code    34  lpc12xx_uart.o(.text)
    UART_ConfigInts                          0x00002e87   Thumb Code   138  lpc12xx_uart.o(.text)
    UART_GetINTStatus                        0x00002f11   Thumb Code    38  lpc12xx_uart.o(.text)
    UART_StartAutoBaud                       0x00002f37   Thumb Code   108  lpc12xx_uart.o(.text)
    UART_ClearAutoBaud                       0x00002fa3   Thumb Code    36  lpc12xx_uart.o(.text)
    __aeabi_uidiv                            0x00002fd9   Thumb Code     0  uidiv.o(.text)
    __aeabi_uidivmod                         0x00002fd9   Thumb Code    44  uidiv.o(.text)
    strlen                                   0x00003005   Thumb Code    14  strlen.o(.text)
    __scatterload                            0x00003015   Thumb Code    28  init.o(.text)
    __scatterload_rt2                        0x00003015   Thumb Code     0  init.o(.text)
    __0sprintf$1                             0x00003039   Thumb Code    36  printf1.o(i.__0sprintf$1)
    __1sprintf$1                             0x00003039   Thumb Code     0  printf1.o(i.__0sprintf$1)
    __2sprintf                               0x00003039   Thumb Code     0  printf1.o(i.__0sprintf$1)
    __ARM_common_switch8                     0x00003061   Thumb Code    28  system_lpc12xx.o(i.__ARM_common_switch8)
    __scatterload_copy                       0x0000307d   Thumb Code    14  handlers.o(i.__scatterload_copy)
    __scatterload_null                       0x0000308b   Thumb Code     2  handlers.o(i.__scatterload_null)
    __scatterload_zeroinit                   0x0000308d   Thumb Code    14  handlers.o(i.__scatterload_zeroinit)
    Region$$Table$$Base                      0x000031f4   Number         0  anon$$obj.o(Region$$Table)
    Region$$Table$$Limit                     0x00003214   Number         0  anon$$obj.o(Region$$Table)
    SystemCoreClock                          0x100000e0   Data           4  system_lpc12xx.o(.data)
    MainClock                                0x100000e4   Data           4  system_lpc12xx.o(.data)
    GucRcvNew                                0x100000e8   Data           1  main.o(.data)
    GulNum                                   0x100000e9   Data           1  main.o(.data)
    GucRcvBuf                                0x100000ec   Data          10  main.o(.bss)
    __initial_sp                             0x10000310   Data           0  startup_lpc12xx.o(STACK)



==============================================================================

Memory Map of the image

  Image Entry point : 0x00002001

  Load Region LOAD_ROM1 (Base: 0x00000000, Size: 0x00000300, Max: 0xffffffff, ABSOLUTE)

    Execution Region EXEC_ROM1 (Base: 0x00000000, Size: 0x00000300, Max: 0xffffffff, ABSOLUTE)

    Base Addr    Size         Type   Attr      Idx    E Section Name        Object

    0x00000000   0x000000c0   Data   RO            3    RESET               startup_lpc12xx.o
    0x000000c0   0x0000023c   PAD
    0x000002fc   0x00000004   Code   RO            4    .ARM.__at_0x02FC    startup_lpc12xx.o



  Load Region LOAD_ROM2 (Base: 0x00002000, Size: 0x00001220, Max: 0xffffffff, ABSOLUTE)

    Execution Region EXEC_ROM2 (Base: 0x00002000, Size: 0x00001214, Max: 0xffffffff, ABSOLUTE)

    Base Addr    Size         Type   Attr      Idx    E Section Name        Object

    0x00002000   0x00000000   Code   RO          353  * .ARM.Collect$$$$00000000  mc_p.l(entry.o)
    0x00002000   0x00000004   Code   RO          625    .ARM.Collect$$$$00000001  mc_p.l(entry2.o)
    0x00002004   0x00000004   Code   RO          628    .ARM.Collect$$$$00000004  mc_p.l(entry5.o)
    0x00002008   0x00000000   Code   RO          630    .ARM.Collect$$$$00000008  mc_p.l(entry7b.o)
    0x00002008   0x00000000   Code   RO          632    .ARM.Collect$$$$0000000A  mc_p.l(entry8b.o)
    0x00002008   0x00000008   Code   RO          633    .ARM.Collect$$$$0000000B  mc_p.l(entry9a.o)
    0x00002010   0x00000000   Code   RO          635    .ARM.Collect$$$$0000000D  mc_p.l(entry10a.o)
    0x00002010   0x00000000   Code   RO          637    .ARM.Collect$$$$0000000F  mc_p.l(entry11a.o)
    0x00002010   0x00000004   Code   RO          626    .ARM.Collect$$$$00002712  mc_p.l(entry2.o)
    0x00002014   0x0000001c   Code   RO            5    .text               startup_lpc12xx.o
    0x00002030   0x000002ac   Code   RO           13    .text               system_lpc12xx.o
    0x000022dc   0x0000021c   Code   RO           53    .text               main.o
    0x000024f8   0x000002e0   Code   RO          162    .text               lpc12xx_sysctrl.o
    0x000027d8   0x000001b0   Code   RO          255    .text               lpc12xx_iocon.o
    0x00002988   0x00000650   Code   RO          333    .text               lpc12xx_uart.o
    0x00002fd8   0x0000002c   Code   RO          356    .text               mc_p.l(uidiv.o)
    0x00003004   0x0000000e   Code   RO          362    .text               mc_p.l(strlen.o)
    0x00003012   0x00000002   PAD
    0x00003014   0x00000024   Code   RO          657    .text               mc_p.l(init.o)
    0x00003038   0x00000028   Code   RO          411    i.__0sprintf$1      mc_p.l(printf1.o)
    0x00003060   0x0000001c   Code   RO           25    i.__ARM_common_switch8  system_lpc12xx.o
    0x0000307c   0x0000000e   Code   RO          669    i.__scatterload_copy  mc_p.l(handlers.o)
    0x0000308a   0x00000002   Code   RO          670    i.__scatterload_null  mc_p.l(handlers.o)
    0x0000308c   0x0000000e   Code   RO          671    i.__scatterload_zeroinit  mc_p.l(handlers.o)
    0x0000309a   0x00000002   PAD
    0x0000309c   0x0000014c   Code   RO          416    i._printf_core      mc_p.l(printf1.o)
    0x000031e8   0x0000000a   Code   RO          418    i._sputc            mc_p.l(printf1.o)
    0x000031f2   0x00000002   PAD
    0x000031f4   0x00000020   Data   RO          667    Region$$Table       anon$$obj.o


    Execution Region IRAM2 (Base: 0x100000e0, Size: 0x00000230, Max: 0x00001f20, ABSOLUTE)

    Base Addr    Size         Type   Attr      Idx    E Section Name        Object

    0x100000e0   0x00000008   Data   RW           14    .data               system_lpc12xx.o
    0x100000e8   0x00000002   Data   RW           55    .data               main.o
    0x100000ea   0x00000002   PAD
    0x100000ec   0x0000000a   Zero   RW           54    .bss                main.o
    0x100000f6   0x00000002   PAD
    0x100000f8   0x00000018   Zero   RW          334    .bss                lpc12xx_uart.o
    0x10000110   0x00000200   Zero   RW            1    STACK               startup_lpc12xx.o


==============================================================================

Image component sizes


      Code (inc. data)   RO Data    RW Data    ZI Data      Debug   Object Name

         0          0          0          0          0      15892   debug_frmwrk.o
         0          0          0          0          0      11888   lpc12xx_i2c.o
       432         50          0          0          0       1201   lpc12xx_iocon.o
       736         16          0          0          0       6212   lpc12xx_sysctrl.o
      1616         78          0          0         24       6779   lpc12xx_uart.o
       540         64          0          2         10      37108   main.o
        32         12        192          0        512        812   startup_lpc12xx.o
       712        106          0          8          0       5543   system_lpc12xx.o

    ----------------------------------------------------------------------
      4068        326        796         12        548      85435   Object Totals
         0          0         32          0          0          0   (incl. Generated)
         0          0        572          2          2          0   (incl. Padding)

    ----------------------------------------------------------------------

      Code (inc. data)   RO Data    RW Data    ZI Data      Debug   Library Member Name

         0          0          0          0          0          0   entry.o
         0          0          0          0          0          0   entry10a.o
         0          0          0          0          0          0   entry11a.o
         8          4          0          0          0          0   entry2.o
         4          0          0          0          0          0   entry5.o
         0          0          0          0          0          0   entry7b.o
         0          0          0          0          0          0   entry8b.o
         8          4          0          0          0          0   entry9a.o
        30          0          0          0          0          0   handlers.o
        36          8          0          0          0         68   init.o
       382         10          0          0          0        224   printf1.o
        14          0          0          0          0         60   strlen.o
        44          0          0          0          0         72   uidiv.o

    ----------------------------------------------------------------------
       532         26          0          0          0        424   Library Totals
         6          0          0          0          0          0   (incl. Padding)

    ----------------------------------------------------------------------

      Code (inc. data)   RO Data    RW Data    ZI Data      Debug   Library Name

       526         26          0          0          0        424   mc_p.l

    ----------------------------------------------------------------------
       532         26          0          0          0        424   Library Totals

    ----------------------------------------------------------------------

==============================================================================


      Code (inc. data)   RO Data    RW Data    ZI Data      Debug   

      4600        352        796         12        548      85323   Grand Totals
      4600        352        796         12        548      85323   ELF Image Totals
      4600        352        796         12          0          0   ROM Totals

==============================================================================

    Total RO  Size (Code + RO Data)                 5396 (   5.27kB)
    Total RW  Size (RW Data + ZI Data)               560 (   0.55kB)
    Total ROM Size (Code + RO Data + RW Data)       5408 (   5.28kB)

==============================================================================

